runnum durationinsec numls
172485 14986.0 642
172488 635.0 28
172491 271.0 12
172492 263.0 12
172493 180.0 8
172494 2572.0 111
172495 3732.0 160
172497 1940.0 84
172500 238.0 11
172501 184.0 8
172504 328.0 15
172507 1020.0 44
172510 497.0 22
172513 529.0 23
172515 115.0 5
172516 322.0 14
172517 324.0 14
172518 335.0 15
172519 365.0 16
172520 333.0 15
172521 522.0 23
172522 340.0 15
172523 198.0 9
172524 2880.0 124
172525 523.0 23
172527 373.0 16
172528 173.0 8
172529 161.0 7
172530 217.0 10
172531 140.0 6
172532 92.0 4
172534 183.0 8
172535 2269.0 98
172544 5571.0 239
172549 585.0 26
172550 1501.0 65
172554 710.0 31
172557 1279.0 55
172561 599.0 26
172564 376.0 17
172567 334.0 15
172571 282.0 13
172573 215.0 10
172575 453.0 20
172576 545.0 24
172578 498.0 22
172579 684.0 30
172584 822.0 36
172588 1480.0 64
172589 256.0 11
172590 244.0 11
172592 420.0 18
172593 363.0 16
172596 542.0 24
172597 509.0 22
172598 370.0 16
172599 374.0 17
172601 924.0 40
172604 947.0 41
172606 2244.0 97
172609 312.0 14
172610 368.0 16
172611 923.0 40
172613 617.0 27
172614 508.0 22
172615 827.0 36
172617 536.0 23
172619 2288.0 98
172620 11742.0 503
===
tot LS  3395
tot in sec  78488.0
tot in hour  21.8022222222
===========
tot to fake in LS
    totLS-exists+extension of last run 172620 : 3395-1867+(525-503)=1550
tot to fake in hour:
     10.056
tot to fake in value:
     89.3-54.883=34.41/pb