runnum durationinsec numls
172411 612.0 27
172412 3242.0 139
172414 15053.0 645
172425 106.0 5
172426 1918.0 83
172433 817.0 35
172435 7.0 1
172438 300.0 13
172439 10.0 1
172440 260.0 12
172441 490.0 21
172444 490.0 21
172446 331.0 15
172447 452.0 20
172448 318.0 14
172450 340.0 15
172451 530.0 23
172454 880.0 38
172457 521.0 23
172459 1078.0 47
172460 397.0 17
172461 959.0 42
172462 250.0 11
172463 2909.0 125
172467 743.0 32
172468 724.0 31
172469 1936.0 83
172471 266.0 12
172473 1166.0 50
172475 999.0 43
172476 1053.0 46
172478 3612.0 155
===
tot LS  1845
tot in sec  42769.0
tot in hour  11.8802777778
===========
tot to fake in LS:
  totLS - exists + extension of last run 172478: 1845-988+(214-155)=916
tot to fake in hour:
  5.9h 
tot to fake in value:
  57.82-29.225=28.59/pb 
