\BOOKMARK [1][-]{section.1}{Decay Channel: - \040"0365 - }{}
\BOOKMARK [1][-]{section.2}{Decay Channel: - \040"0365e e- }{}
\BOOKMARK [1][-]{section.3}{Decay Channel: - - \040}{}
\BOOKMARK [1][-]{section.4}{Decay Channel: - - \040}{}
\BOOKMARK [1][-]{section.5}{Decay Channel: - - - + \040}{}
\BOOKMARK [1][-]{section.6}{Decay Channel: - \040"0365e e- }{}
\BOOKMARK [1][-]{section.7}{Decay Channel: - - \040}{}
\BOOKMARK [1][-]{section.8}{Decay Channel: - - - + \040}{}
\BOOKMARK [1][-]{section.9}{Decay Channel: - \040"0365 - }{}
\BOOKMARK [1][-]{section.10}{Decay Channel: - K- \040}{}
\BOOKMARK [1][-]{section.11}{Decay Channel: - K- \040}{}
\BOOKMARK [1][-]{section.12}{Decay Channel: - \040"0365e e- }{}
\BOOKMARK [1][-]{section.13}{Decay Channel: - - \040}{}
\BOOKMARK [1][-]{section.14}{Decay Channel: - - \040e+ e- }{}
\BOOKMARK [1][-]{section.15}{Decay Channel: - KS0 - \040}{}
\BOOKMARK [1][-]{section.16}{Decay Channel: - - \040e+ e- }{}
\BOOKMARK [1][-]{section.17}{Decay Channel: - - KL0 \040}{}
\BOOKMARK [1][-]{section.18}{Decay Channel: - K- - + \040}{}
\BOOKMARK [1][-]{section.19}{Decay Channel: - KS0 - \040}{}
\BOOKMARK [1][-]{section.20}{Decay Channel: - - KL0 \040}{}
\BOOKMARK [1][-]{section.21}{Decay Channel: - K- K+ - \040}{}
\BOOKMARK [1][-]{section.22}{Decay Channel: - K- K+ - \040}{}
\BOOKMARK [1][-]{section.23}{Decay Channel: - KS0 - - + \040}{}
\BOOKMARK [1][-]{section.24}{Decay Channel: - K- KS0 \040}{}
\BOOKMARK [1][-]{section.25}{Decay Channel: - KS0 KS0 - \040}{}
\BOOKMARK [1][-]{section.26}{Decay Channel: - K- KL0 \040}{}
